2025-06-28 14:37:56,802 - WARNING - Librería no encontrada: ['openvpn']
2025-06-28 14:37:58,940 - INFO - openvpn ya está instalado por el gestor de paquetes.
2025-06-28 14:37:58,970 - INFO - Librería encontrada: ipsec
2025-06-28 15:01:32,631 - WARNING - Librería no encontrada: ['openvpn']
2025-06-28 15:01:34,669 - INFO - openvpn ya está instalado por el gestor de paquetes.
2025-06-28 15:01:34,692 - INFO - Librería encontrada: ipsec
2025-06-28 15:03:45,389 - WARNING - Librería no encontrada: ['openvpn']
2025-06-28 15:03:47,166 - INFO - openvpn ya está instalado por el gestor de paquetes.
2025-06-28 15:03:47,192 - INFO - Librería encontrada: ipsec
2025-06-28 15:03:50,723 - INFO - Descargando actualización desde: https://api.github.com/repos/alumno109192/vpn/zipball/v1.1
2025-06-28 15:03:50,796 - ERROR - Error durante la actualización: <urlopen error [SSL: CERTIFICATE_VERIFY_FAILED] certificate verify failed: unable to get local issuer certificate (_ssl.c:1000)>
2025-06-28 15:07:24,848 - WARNING - Librería no encontrada: ['openvpn']
2025-06-28 15:07:26,853 - INFO - openvpn ya está instalado por el gestor de paquetes.
2025-06-28 15:07:26,886 - INFO - Librería encontrada: ipsec
2025-06-28 15:07:31,586 - INFO - Descargando actualización desde: https://api.github.com/repos/alumno109192/vpn/zipball/v1.1
2025-06-28 15:07:31,668 - ERROR - Error durante la actualización: <urlopen error [SSL: CERTIFICATE_VERIFY_FAILED] certificate verify failed: unable to get local issuer certificate (_ssl.c:1000)>
2025-06-28 15:16:27,213 - WARNING - Librería no encontrada: ['openvpn']
2025-06-28 15:16:29,184 - INFO - openvpn ya está instalado por el gestor de paquetes.
2025-06-28 15:16:29,216 - INFO - Librería encontrada: ipsec
2025-06-28 15:16:31,350 - INFO - Descargando actualización desde: https://api.github.com/repos/alumno109192/vpn/zipball/v1.1
2025-06-28 15:16:31,350 - INFO - Método 1: Descarga con verificación SSL estándar
2025-06-28 15:16:31,435 - WARNING - ✗ Verificación SSL: <urlopen error [SSL: CERTIFICATE_VERIFY_FAILED] certificate verify failed: unable to get local issuer certificate (_ssl.c:1000)>
2025-06-28 15:16:31,435 - INFO - Método 2: Descarga sin verificación SSL
2025-06-28 15:16:32,057 - INFO - ✓ Descarga exitosa sin verificación SSL
2025-06-28 15:16:40,665 - WARNING - Librería no encontrada: ['openvpn']
2025-06-28 15:16:42,832 - INFO - openvpn ya está instalado por el gestor de paquetes.
2025-06-28 15:16:42,857 - INFO - Librería encontrada: ipsec
2025-06-28 20:40:29,590 - WARNING - Librería no encontrada: ['openvpn']
2025-06-28 20:40:32,074 - INFO - openvpn ya está instalado por el gestor de paquetes.
2025-06-28 20:40:32,101 - INFO - Librería encontrada: ipsec
2025-06-28 20:42:11,161 - WARNING - Librería no encontrada: ['openvpn']
2025-06-28 20:42:13,090 - INFO - openvpn ya está instalado por el gestor de paquetes.
2025-06-28 20:42:13,120 - INFO - Librería encontrada: ipsec
2025-06-28 20:43:56,569 - WARNING - Librería no encontrada: ['openvpn']
2025-06-28 20:43:58,499 - INFO - openvpn ya está instalado por el gestor de paquetes.
2025-06-28 20:43:58,534 - INFO - Librería encontrada: ipsec
2025-06-28 20:50:26,525 - WARNING - Librería no encontrada: ['openvpn']
2025-06-28 20:50:28,431 - INFO - openvpn ya está instalado por el gestor de paquetes.
2025-06-28 20:50:28,455 - INFO - Librería encontrada: ipsec
2025-06-28 20:50:28,979 - INFO - Update available: 1.1
2025-06-29 11:56:05,861 - INFO - Librería encontrada: openvpn
2025-06-29 11:56:05,865 - INFO - Librería encontrada: ipsec
2025-06-29 11:56:06,304 - INFO - Update available: 1.1
2025-06-30 08:53:22,492 - INFO - Librería encontrada: openvpn
2025-06-30 08:53:22,496 - INFO - Librería encontrada: ipsec
2025-06-30 09:25:09,865 - INFO - Librería encontrada: openvpn
2025-06-30 09:25:09,871 - INFO - Librería encontrada: ipsec
2025-06-30 12:59:08,396 - INFO - Librería encontrada: openvpn
2025-06-30 12:59:08,401 - INFO - Librería encontrada: ipsec
2025-06-30 12:59:13,832 - INFO - [toggle_vpn] Botón pulsado. Estado actual: Conectar, config_path: sslvpn-jorge.felix-client-config.ovpn, username: jorge.felix, tipo: openvpn, extra_data: None
2025-06-30 12:59:14,720 - INFO - [toggle_vpn] Estado cambiado a CONNECTING
2025-06-30 12:59:14,722 - INFO - [toggle_vpn] Lanzando hilo VPNConnectThread
2025-06-30 12:59:14,723 - INFO - [toggle_vpn] Iniciando connect_func para tipo: openvpn
2025-06-30 12:59:14,723 - INFO - [toggle_vpn] Llamando a connect_openvpn
2025-06-30 12:59:14,723 - INFO - [connect_openvpn] Iniciando conexión para sslvpn-jorge.felix-client-config.ovpn con usuario jorge.felix
2025-06-30 12:59:14,725 - INFO - [connect_openvpn] Ejecutando comando: sudo -S openvpn --script-security 2 --config sslvpn-jorge.felix-client-config.ovpn --auth-user-pass /tmp/tmpm8ovjbpw --auth-nocache --log openvpn_runtime.log
2025-06-30 12:59:14,726 - INFO - [connect_openvpn] Esperando conexión (máximo 120 segundos)...
2025-06-30 12:59:23,729 - INFO - [connect_openvpn] Esperando conexión... 10/120 segundos
2025-06-30 12:59:33,734 - INFO - [connect_openvpn] Esperando conexión... 20/120 segundos
2025-06-30 12:59:43,737 - INFO - [connect_openvpn] Esperando conexión... 30/120 segundos
2025-06-30 12:59:53,741 - INFO - [connect_openvpn] Esperando conexión... 40/120 segundos
2025-06-30 13:00:03,743 - INFO - [connect_openvpn] Esperando conexión... 50/120 segundos
2025-06-30 13:00:13,747 - INFO - [connect_openvpn] Esperando conexión... 60/120 segundos
2025-06-30 13:00:23,752 - INFO - [connect_openvpn] Esperando conexión... 70/120 segundos
2025-06-30 13:00:33,757 - INFO - [connect_openvpn] Esperando conexión... 80/120 segundos
2025-06-30 13:00:43,760 - INFO - [connect_openvpn] Esperando conexión... 90/120 segundos
2025-06-30 13:00:53,764 - INFO - [connect_openvpn] Esperando conexión... 100/120 segundos
2025-06-30 13:01:03,768 - INFO - [connect_openvpn] Esperando conexión... 110/120 segundos
2025-06-30 13:01:13,772 - INFO - [connect_openvpn] Esperando conexión... 120/120 segundos
2025-06-30 13:01:14,773 - ERROR - [connect_openvpn] No se detectó 'Initialization Sequence Completed' después de 120 segundos
2025-06-30 13:01:14,775 - INFO - [_on_vpn_connect_result] Resultado: ok=False, msg=Error de conexión
2025-06-30 13:01:20,688 - INFO - [_on_vpn_connect_result] Estado final del botón: Conectar
